#### Labels
START            = 0xC000

#### Defines
GP0              = 0x0000
GP1              = 0x0002
GP2              = 0x0004
default_palette  = 0x1234
nmi_ready        = 0x0010
oam              = 0x0200
palette          = 0x0300

                  .CPU 6502
                  
                  .GP0      = 0x00               ; General purpose register 0
                  .GP1      = 0x02               ; General purpose register 1
                  .GP2      = 0x04               ; General purpose register 2
                  
                  .nmi_ready = 0x10              ; 0=skip NMI, 1=render, 2=disable rendering and NMI
                  ; Stack is 0x0100-0x01FF
                  .oam       = 0x200             ; 256 bytes (32 sprites, 4 bytes each)
                  .palette   = 0x300             ; 32 bytes
                  .default_palette = 0x1234
                  
                  #macro write_word(value,address)
                  #   lda #:value:&0xFF
                  #   sta :address:
                  #   lda #:value:>>8
                  #   sta :address:+1
                  
                  0xC000:
                  
                  START:
                  
                  ; Clear all of RAM (including stack ... so don't make this a function)
                  
C000: A9 00            lda    #0                  ; RAM value (clear)
                  
                  ; Copy default palette to our palette ram
                  
                  #write_word(default_palette, GP0)
C002: A9 34            lda #default_palette&0xFF
C004: 85 00            sta GP0
C006: A9 12            lda #default_palette>>8
C008: 85 01            sta GP0+1
                  #write_word(123, GP1)
C00A: A9 7B            lda #123&0xFF
C00C: 85 02            sta GP1
C00E: A9 00            lda #123>>8
C010: 85 03            sta GP1+1
                  
                  
